Microchip MPLAB XC8 Compiler V2.35

Linker command line:

-W-3 --edf=C:\Program Files\Microchip\xc8\v2.35\pic\dat\en_msgs.txt -cn \
  -h+dist/default/production\Prueba_parpados_uart.X.production.sym \
  --cmf=dist/default/production\Prueba_parpados_uart.X.production.cmf -z \
  -Q16F887 -oC:\Users\shagt\AppData\Local\Temp\xcAscng.4 \
  --defsym=__MPLAB_BUILD=1 \
  -Mdist/default/production/Prueba_parpados_uart.X.production.map \
  --md=C:\Users\shagt\AppData\Local\Temp\xcAscng.dat -E1 -ver=XC8 Compiler \
  --acfsm=1493 -ACODE=00h-07FFhx4 -ASTRCODE=00h-01FFFh -ASTRING=00h-0FFhx32 \
  -ACONST=00h-0FFhx32 -AENTRY=00h-0FFhx32 -ACOMMON=070h-07Fh \
  -ABANK0=020h-06Fh -ABANK1=0A0h-0EFh -ABANK2=0110h-016Fh \
  -ABANK3=0190h-01EFh -ARAM=020h-06Fh,0A0h-0EFh,0110h-016Fh,0190h-01EFh \
  -AABS1=020h-07Fh,0A0h-0EFh,0110h-016Fh,0190h-01EFh -ASFR0=00h-01Fh \
  -ASFR1=080h-09Fh -ASFR2=0100h-010Fh -ASFR3=0180h-018Fh \
  -ACONFIG=02007h-02008h -DCONFIG=2 -AIDLOC=02000h-02003h -DIDLOC=2 \
  -AEEDATA=00h-0FFh/02100h -peeprom_data=EEDATA -DEEDATA=2 -DCODE=2 \
  -DSTRCODE=2 -DSTRING=2 -DCONST=2 -DENTRY=2 \
  -preset_vec=00h,intentry=04h,init,end_init -ppowerup=CODE -pcinit=CODE \
  -pfunctab=ENTRY -k C:\Users\shagt\AppData\Local\Temp\xcAscng.o \
  dist/default/production\Prueba_parpados_uart.X.production.o 

Object code version is 3.11

Machine type is 16F887



                Name                               Link     Load   Length Selector   Space Scale
C:\Users\shagt\AppData\Local\Temp\xcAscng.o
                end_init                              C        C        3        8       0
                reset_vec                             0        0        3        0       0
                config                             2007     2007        2        0       4
                idloc                              2000     2000        4        0       5
dist/default/production\Prueba_parpados_uart.X.production.o
                cinit                                 F        F       1D        8       0
                intentry                              4        4        8        8       0
                config                             2007     2007        2        0       4
                idloc                              2000     2000        4        0       5
                text8                               16C      16C       36      2D8       0
                text7                                B8       B8       69        8       0
                text6                               1A2      1A2       27      2D8       0
                text5                               22C      22C        A      2D8       0
                text4                               1E8      1E8       1F      2D8       0
                text3                               207      207       18      2D8       0
                text2                               21F      21F        D      2D8       0
                text1                               1C9      1C9       1F      2D8       0
                maintext                             2C       2C       8C        8       0
                cstackBANK0                          20       20       10       20       1
                cstackCOMMON                         70       70        7       70       1
                dataBANK0                            3A       3A        2       20       1
                bssBANK0                             30       30        A       20       1
                bssCOMMON                            77       77        3       70       1
                strings                             121      121       4B      242       0
                idataBANK0                          236      236        2      2D8       0

TOTAL           Name                               Link     Load   Length     Space
        CLASS   CODE           
                end_init                              C        C        3         0
                cinit                                 F        F       1D         0
                intentry                              4        4        8         0
                reset_vec                             0        0        3         0
                text8                               16C      16C       36         0
                text7                                B8       B8       69         0
                text6                               1A2      1A2       27         0
                text5                               22C      22C        A         0
                text4                               1E8      1E8       1F         0
                text3                               207      207       18         0
                text2                               21F      21F        D         0
                text1                               1C9      1C9       1F         0
                maintext                             2C       2C       8C         0
                idataBANK0                          236      236        2         0

        CLASS   STRCODE        

        CLASS   STRING         
                strings                             121      121       4B         0

        CLASS   CONST          

        CLASS   ENTRY          

        CLASS   COMMON         
                cstackCOMMON                         70       70        7         1
                bssCOMMON                            77       77        3         1

        CLASS   BANK0          
                cstackBANK0                          20       20       10         1
                dataBANK0                            3A       3A        2         1
                bssBANK0                             30       30        A         1

        CLASS   BANK1          

        CLASS   BANK2          

        CLASS   BANK3          

        CLASS   RAM            

        CLASS   ABS1           
                abs_s1                               7E       7E        2         1

        CLASS   SFR0           

        CLASS   SFR1           

        CLASS   SFR2           

        CLASS   SFR3           

        CLASS   CONFIG         
                config                             2007     2007        2         4

        CLASS   IDLOC          
                idloc                              2000     2000        4         5

        CLASS   EEDATA         

        CLASS   STACK          



SEGMENTS        Name                           Load    Length   Top    Selector   Space  Class     Delta

                reset_vec                      000000  000003  000003         0       0  CODE        2
                intentry                       000004  00011D  000121         8       0  CODE        2
                cstackBANK0                    000020  00001C  00003C        20       1  BANK0       1
                cstackCOMMON                   000070  00000A  00007A        70       1  COMMON      1
                strings                        000121  00004B  00016C       242       0  STRING      2
                text8                          00016C  0000CC  000238       2D8       0  CODE        2


UNUSED ADDRESS RANGES

        Name                Unused          Largest block    Delta
        BANK0            003C-006F             34           1
        BANK1            00A0-00EF             50           1
        BANK2            0110-016F             60           1
        BANK3            0190-01EF             60           1
        CODE             0003-0003              1           2
                         0238-1FFF            800
        COMMON           007A-007D              4           1
        CONST            0003-0003              1           2
                         0238-1FFF            100
        EEDATA           2100-21FF            100           2
        ENTRY            0003-0003              1           2
                         0238-1FFF            100
        RAM              003C-006F             34           1
                         00A0-00EF             50
                         0110-016F             60
                         0190-01EF             60
        SFR0             0000-001F             20           1
        SFR1             0080-009F             20           1
        SFR2             0100-010F             10           1
        SFR3             0180-018F             10           1
        STRCODE          0003-0003              1           2
                         0238-1FFF           1DC8
        STRING           0003-0003              1           2
                         0238-1FFF            100

                                  Symbol Table

?___awdiv                cstackBANK0  0024
?___wmul                 cstackBANK0  0020
_ANSEL                   (abs)        0188
_ANSELH                  (abs)        0189
_BAUDCTLbits             (abs)        0187
_INTCONbits              (abs)        000B
_OPTION_REGbits          (abs)        0081
_OSCCONbits              (abs)        008F
_PIE1bits                (abs)        008C
_PIR1bits                (abs)        000C
_PORTA                   (abs)        0005
_PORTB                   (abs)        0006
_PORTD                   (abs)        0008
_PORTDbits               (abs)        0008
_RCREG                   (abs)        001A
_RCSTAbits               (abs)        0018
_SPBRG                   (abs)        0099
_SPBRGH                  (abs)        009A
_T0IF                    (abs)        005A
_TMR0                    (abs)        0001
_TRISA                   (abs)        0085
_TRISB                   (abs)        0086
_TRISD                   (abs)        0088
_TXIF                    (abs)        0064
_TXREG                   (abs)        0019
_TXSTAbits               (abs)        0098
__Habs1                  abs1         0000
__Hbank0                 bank0        0000
__Hbank1                 bank1        0000
__Hbank2                 bank2        0000
__Hbank3                 bank3        0000
__HbssBANK0              bssBANK0     0000
__HbssCOMMON             bssCOMMON    0000
__Hcinit                 cinit        002C
__Hclrtext               clrtext      0000
__Hcode                  code         0000
__Hcommon                common       0000
__Hconfig                config       2009
__HcstackBANK0           cstackBANK0  0000
__HcstackCOMMON          cstackCOMMON 0000
__HdataBANK0             dataBANK0    0000
__Heeprom_data           eeprom_data  0000
__Hend_init              end_init     000F
__Hfunctab               functab      0000
__HidataBANK0            idataBANK0   0000
__Hidloc                 idloc        2004
__Hinit                  init         000C
__Hintentry              intentry     000C
__Hmaintext              maintext     0000
__Hpowerup               powerup      0000
__Hram                   ram          0000
__Hreset_vec             reset_vec    0003
__Hsfr0                  sfr0         0000
__Hsfr1                  sfr1         0000
__Hsfr2                  sfr2         0000
__Hsfr3                  sfr3         0000
__Hspace_0               (abs)        0238
__Hspace_1               (abs)        007A
__Hspace_2               (abs)        0000
__Hspace_3               (abs)        0000
__Hspace_4               (abs)        4010
__Hstack                 stack        0000
__Hstrings               strings      0000
__Htext                  text         0000
__Labs1                  abs1         0000
__Lbank0                 bank0        0000
__Lbank1                 bank1        0000
__Lbank2                 bank2        0000
__Lbank3                 bank3        0000
__LbssBANK0              bssBANK0     0000
__LbssCOMMON             bssCOMMON    0000
__Lcinit                 cinit        000F
__Lclrtext               clrtext      0000
__Lcode                  code         0000
__Lcommon                common       0000
__Lconfig                config       0000
__LcstackBANK0           cstackBANK0  0000
__LcstackCOMMON          cstackCOMMON 0000
__LdataBANK0             dataBANK0    0000
__Leeprom_data           eeprom_data  0000
__Lend_init              end_init     000C
__Lfunctab               functab      0000
__LidataBANK0            idataBANK0   0000
__Lidloc                 idloc        0000
__Linit                  init         000C
__Lintentry              intentry     0004
__Lmaintext              maintext     0000
__Lpowerup               powerup      0000
__Lram                   ram          0000
__Lreset_vec             reset_vec    0000
__Lsfr0                  sfr0         0000
__Lsfr1                  sfr1         0000
__Lsfr2                  sfr2         0000
__Lsfr3                  sfr3         0000
__Lspace_0               (abs)        0000
__Lspace_1               (abs)        0000
__Lspace_2               (abs)        0000
__Lspace_3               (abs)        0000
__Lspace_4               (abs)        0000
__Lstack                 stack        0000
__Lstrings               strings      0000
__Ltext                  text         0000
__S0                     (abs)        0238
__S1                     (abs)        007A
__S3                     (abs)        0000
___awdiv                 text7        00B8
___awdiv@counter         cstackBANK0  0028
___awdiv@dividend        cstackBANK0  0026
___awdiv@divisor         cstackBANK0  0024
___awdiv@quotient        cstackBANK0  002A
___awdiv@sign            cstackBANK0  0029
___int_sp                stack        0000
___latbits               (abs)        0002
___sp                    stack        0000
___stackhi               (abs)        0000
___stacklo               (abs)        0000
___wmul                  text6        01A2
___wmul@multiplicand     cstackBANK0  0022
___wmul@multiplier       cstackBANK0  0020
___wmul@product          cstackCOMMON 0074
__end_of___awdiv         text7        0121
__end_of___wmul          text6        01C9
__end_of__initialization cinit        0028
__end_of__stringtab      strings      0127
__end_of_cadena          text4        0207
__end_of_enviar_caracter text5        0236
__end_of_isr             text8        01A2
__end_of_main            maintext     00B8
__end_of_setup           text3        021F
__end_of_setupTMR0       text2        022C
__end_of_setup_UART      text1        01E8
__initialization         cinit        000F
__pbssBANK0              bssBANK0     0030
__pbssCOMMON             bssCOMMON    0077
__pcstackBANK0           cstackBANK0  0020
__pcstackCOMMON          cstackCOMMON 0070
__pdataBANK0             dataBANK0    003A
__pidataBANK0            idataBANK0   0236
__pintentry              intentry     0004
__pmaintext              maintext     002C
__pstrings               strings      0121
__ptext1                 text1        01C9
__ptext2                 text2        021F
__ptext3                 text3        0207
__ptext4                 text4        01E8
__ptext5                 text5        022C
__ptext6                 text6        01A2
__ptext7                 text7        00B8
__ptext8                 text8        016C
__stringbase             strings      0126
__stringtab              strings      0121
_c                       bssBANK0     0039
_cadena                  text4        01E8
_duty_cycle1             bssBANK0     0036
_enviar_caracter         text5        022C
_isr                     text8        016C
_main                    maintext     002C
_menuMostrado            bssBANK0     0038
_pwm_count1              bssCOMMON    0079
_setup                   text3        0207
_setupTMR0               text2        021F
_setup_UART              text1        01C9
btemp                    (abs)        007E
cadena@txt               cstackCOMMON 0076
end_of_initialization    cinit        0028
enviar_caracter@c        cstackCOMMON 0074
interrupt_function       intentry     0004
intlevel0                functab      0000
intlevel1                functab      0000
intlevel2                functab      0000
intlevel3                functab      0000
intlevel4                functab      0000
intlevel5                functab      0000
main@i                   cstackBANK0  002E
reset_vec                reset_vec    0000
saved_w                  (abs)        007E
start                    init         000C
start_initialization     cinit        000F
wtemp0                   (abs)        007E


MODULE INFORMATION

Module		Function		Class		Link	Load	Size
C:\Program Files\Microchip\xc8\v2.35\pic\sources\c90\common\awdiv.c
		___awdiv       		CODE           	00B8	0000	105

C:\Program Files\Microchip\xc8\v2.35\pic\sources\c90\common\awdiv.c estimated size: 105

shared
		__stringtab    		STRING         	0121	0000	6
		__initialization		CODE           	000F	0000	25

shared estimated size: 31

C:\Program Files\Microchip\xc8\v2.35\pic\sources\c90\common\Umul16.c
		___wmul        		CODE           	01A2	0000	39

C:\Program Files\Microchip\xc8\v2.35\pic\sources\c90\common\Umul16.c estimated size: 39

Prueba_parpados_uart.c
		_main          		CODE           	002C	0000	140
		_enviar_caracter		CODE           	022C	0000	10
		_cadena        		CODE           	01E8	0000	31
		_isr           		CODE           	016C	0000	54
		_setupTMR0     		CODE           	021F	0000	13
		_setup         		CODE           	0207	0000	24
		_setup_UART    		CODE           	01C9	0000	31

Prueba_parpados_uart.c estimated size: 303

