Microchip MPLAB XC8 Compiler V2.35

Linker command line:

-W-3 --edf=C:\Program Files\Microchip\xc8\v2.35\pic\dat\en_msgs.txt -cn \
  -h+dist/default/production\POSTLAB_07.X.production.sym \
  --cmf=dist/default/production\POSTLAB_07.X.production.cmf -z -Q16F887 \
  -oC:\Users\shagt\AppData\Local\Temp\xcAsc88.4 --defsym=__MPLAB_BUILD=1 \
  -Mdist/default/production/POSTLAB_07.X.production.map \
  --md=C:\Users\shagt\AppData\Local\Temp\xcAsc88.dat -E1 -ver=XC8 Compiler \
  --acfsm=1493 -ACODE=00h-07FFhx4 -ASTRCODE=00h-01FFFh -ASTRING=00h-0FFhx32 \
  -ACONST=00h-0FFhx32 -AENTRY=00h-0FFhx32 -ACOMMON=070h-07Fh \
  -ABANK0=020h-06Fh -ABANK1=0A0h-0EFh -ABANK2=0110h-016Fh \
  -ABANK3=0190h-01EFh -ARAM=020h-06Fh,0A0h-0EFh,0110h-016Fh,0190h-01EFh \
  -AABS1=020h-07Fh,0A0h-0EFh,0110h-016Fh,0190h-01EFh -ASFR0=00h-01Fh \
  -ASFR1=080h-09Fh -ASFR2=0100h-010Fh -ASFR3=0180h-018Fh \
  -ACONFIG=02007h-02008h -DCONFIG=2 -AIDLOC=02000h-02003h -DIDLOC=2 \
  -AEEDATA=00h-0FFh/02100h -peeprom_data=EEDATA -DEEDATA=2 -DCODE=2 \
  -DSTRCODE=2 -DSTRING=2 -DCONST=2 -DENTRY=2 \
  -preset_vec=00h,intentry=04h,init,end_init -ppowerup=CODE -pcinit=CODE \
  -pfunctab=ENTRY -k C:\Users\shagt\AppData\Local\Temp\xcAsc88.o \
  dist/default/production\POSTLAB_07.X.production.o 

Object code version is 3.11

Machine type is 16F887



                Name                               Link     Load   Length Selector   Space Scale
C:\Users\shagt\AppData\Local\Temp\xcAsc88.o
                end_init                              C        C        3        8       0
                reset_vec                             0        0        3        0       0
                config                             2007     2007        2        0       4
                idloc                              2000     2000        4        0       5
dist/default/production\POSTLAB_07.X.production.o
                cinit                                 F        F        B        8       0
                intentry                              4        4        8        8       0
                config                             2007     2007        2        0       4
                idloc                              2000     2000        4        0       5
                text9                               18D      18D       23        8       0
                text8                                C6       C6       69        8       0
                text7                               168      168       25        8       0
                text6                               12F      12F       39        8       0
                text5                               1CF      1CF       19        8       0
                text4                               1E8      1E8       13        8       0
                text3                               1B0      1B0       1F        8       0
                text2                               1FB      1FB        D        8       0
                text1                               208      208        C        8       0
                maintext                             1A       1A       AC        8       0
                cstackBANK0                          20       20       17       20       1
                cstackCOMMON                         70       70        A       70       1
                bssBANK0                             37       37        4       20       1
                bssCOMMON                            7A       7A        1       70       1

TOTAL           Name                               Link     Load   Length     Space
        CLASS   CODE           
                end_init                              C        C        3         0
                cinit                                 F        F        B         0
                intentry                              4        4        8         0
                reset_vec                             0        0        3         0
                text9                               18D      18D       23         0
                text8                                C6       C6       69         0
                text7                               168      168       25         0
                text6                               12F      12F       39         0
                text5                               1CF      1CF       19         0
                text4                               1E8      1E8       13         0
                text3                               1B0      1B0       1F         0
                text2                               1FB      1FB        D         0
                text1                               208      208        C         0
                maintext                             1A       1A       AC         0

        CLASS   STRCODE        

        CLASS   STRING         

        CLASS   CONST          

        CLASS   ENTRY          

        CLASS   COMMON         
                cstackCOMMON                         70       70        A         1
                bssCOMMON                            7A       7A        1         1

        CLASS   BANK0          
                cstackBANK0                          20       20       17         1
                bssBANK0                             37       37        4         1

        CLASS   BANK1          

        CLASS   BANK2          

        CLASS   BANK3          

        CLASS   RAM            

        CLASS   ABS1           
                abs_s1                               7E       7E        2         1

        CLASS   SFR0           

        CLASS   SFR1           

        CLASS   SFR2           

        CLASS   SFR3           

        CLASS   CONFIG         
                config                             2007     2007        2         4

        CLASS   IDLOC          
                idloc                              2000     2000        4         5

        CLASS   EEDATA         

        CLASS   STACK          



SEGMENTS        Name                           Load    Length   Top    Selector   Space  Class     Delta

                reset_vec                      000000  000003  000003         0       0  CODE        2
                intentry                       000004  000210  000214         8       0  CODE        2
                cstackBANK0                    000020  00001B  00003B        20       1  BANK0       1
                cstackCOMMON                   000070  00000B  00007B        70       1  COMMON      1


UNUSED ADDRESS RANGES

        Name                Unused          Largest block    Delta
        BANK0            003B-006F             35           1
        BANK1            00A0-00EF             50           1
        BANK2            0110-016F             60           1
        BANK3            0190-01EF             60           1
        CODE             0003-0003              1           2
                         0214-1FFF            800
        COMMON           007B-007D              3           1
        CONST            0003-0003              1           2
                         0214-1FFF            100
        EEDATA           2100-21FF            100           2
        ENTRY            0003-0003              1           2
                         0214-1FFF            100
        RAM              003B-006F             35           1
                         00A0-00EF             50
                         0110-016F             60
                         0190-01EF             60
        SFR0             0000-001F             20           1
        SFR1             0080-009F             20           1
        SFR2             0100-010F             10           1
        SFR3             0180-018F             10           1
        STRCODE          0003-0003              1           2
                         0214-1FFF           1DEC
        STRING           0003-0003              1           2
                         0214-1FFF            100

                                  Symbol Table

?___awdiv                cstackBANK0  0020
?___wmul                 cstackCOMMON 0073
?_map                    cstackBANK0  0028
_ADCON0bits              (abs)        001F
_ADCON1bits              (abs)        009F
_ADIF                    (abs)        0066
_ADRESH                  (abs)        001E
_ADRESL                  (abs)        009E
_ANSEL                   (abs)        0188
_ANSELH                  (abs)        0189
_Bandera                 bssBANK0     0039
_CCP1CONbits             (abs)        0017
_CCP2CONbits             (abs)        001D
_CCPR1L                  (abs)        0015
_CCPR2L                  (abs)        001B
_INTCONbits              (abs)        000B
_OPTION_REGbits          (abs)        0081
_OSCCONbits              (abs)        008F
_PIE1bits                (abs)        008C
_PIR1bits                (abs)        000C
_PORTA                   (abs)        0005
_PORTC                   (abs)        0007
_PORTCbits               (abs)        0007
_PR2                     (abs)        0092
_RC0                     (abs)        0038
_T0IF                    (abs)        005A
_T2CONbits               (abs)        0012
_TMR0                    (abs)        0001
_TRISA                   (abs)        0085
_TRISC                   (abs)        0087
_TRISCbits               (abs)        0087
__Habs1                  abs1         0000
__Hbank0                 bank0        0000
__Hbank1                 bank1        0000
__Hbank2                 bank2        0000
__Hbank3                 bank3        0000
__HbssBANK0              bssBANK0     0000
__HbssCOMMON             bssCOMMON    0000
__Hcinit                 cinit        001A
__Hclrtext               clrtext      0000
__Hcode                  code         0000
__Hcommon                common       0000
__Hconfig                config       2009
__HcstackBANK0           cstackBANK0  0000
__HcstackCOMMON          cstackCOMMON 0000
__Heeprom_data           eeprom_data  0000
__Hend_init              end_init     000F
__Hfunctab               functab      0000
__Hidloc                 idloc        2004
__Hinit                  init         000C
__Hintentry              intentry     000C
__Hmaintext              maintext     0000
__Hpowerup               powerup      0000
__Hram                   ram          0000
__Hreset_vec             reset_vec    0003
__Hsfr0                  sfr0         0000
__Hsfr1                  sfr1         0000
__Hsfr2                  sfr2         0000
__Hsfr3                  sfr3         0000
__Hspace_0               (abs)        0214
__Hspace_1               (abs)        007B
__Hspace_2               (abs)        0000
__Hspace_3               (abs)        0000
__Hspace_4               (abs)        4010
__Hstack                 stack        0000
__Hstrings               strings      0000
__Htext                  text         0000
__Labs1                  abs1         0000
__Lbank0                 bank0        0000
__Lbank1                 bank1        0000
__Lbank2                 bank2        0000
__Lbank3                 bank3        0000
__LbssBANK0              bssBANK0     0000
__LbssCOMMON             bssCOMMON    0000
__Lcinit                 cinit        000F
__Lclrtext               clrtext      0000
__Lcode                  code         0000
__Lcommon                common       0000
__Lconfig                config       0000
__LcstackBANK0           cstackBANK0  0000
__LcstackCOMMON          cstackCOMMON 0000
__Leeprom_data           eeprom_data  0000
__Lend_init              end_init     000C
__Lfunctab               functab      0000
__Lidloc                 idloc        0000
__Linit                  init         000C
__Lintentry              intentry     0004
__Lmaintext              maintext     0000
__Lpowerup               powerup      0000
__Lram                   ram          0000
__Lreset_vec             reset_vec    0000
__Lsfr0                  sfr0         0000
__Lsfr1                  sfr1         0000
__Lsfr2                  sfr2         0000
__Lsfr3                  sfr3         0000
__Lspace_0               (abs)        0000
__Lspace_1               (abs)        0000
__Lspace_2               (abs)        0000
__Lspace_3               (abs)        0000
__Lspace_4               (abs)        0000
__Lstack                 stack        0000
__Lstrings               strings      0000
__Ltext                  text         0000
__S0                     (abs)        0214
__S1                     (abs)        007B
__S3                     (abs)        0000
___awdiv                 text8        00C6
___awdiv@counter         cstackBANK0  0024
___awdiv@dividend        cstackBANK0  0022
___awdiv@divisor         cstackBANK0  0020
___awdiv@quotient        cstackBANK0  0026
___awdiv@sign            cstackBANK0  0025
___int_sp                stack        0000
___latbits               (abs)        0002
___sp                    stack        0000
___stackhi               (abs)        0000
___stacklo               (abs)        0000
___wmul                  text7        0168
___wmul@multiplicand     cstackCOMMON 0075
___wmul@multiplier       cstackCOMMON 0073
___wmul@product          cstackCOMMON 0077
__end_of___awdiv         text8        012F
__end_of___wmul          text7        018D
__end_of__initialization cinit        0016
__end_of_isr             text9        01B0
__end_of_main            maintext     00C6
__end_of_map             text6        0168
__end_of_setup           text5        01E8
__end_of_setupADC        text4        01FB
__end_of_setupPWM        text3        01CF
__end_of_setupTMR0       text2        0208
__end_of_setupTMR2       text1        0214
__initialization         cinit        000F
__pbssBANK0              bssBANK0     0037
__pbssCOMMON             bssCOMMON    007A
__pcstackBANK0           cstackBANK0  0020
__pcstackCOMMON          cstackCOMMON 0070
__pintentry              intentry     0004
__pmaintext              maintext     001A
__ptext1                 text1        0208
__ptext2                 text2        01FB
__ptext3                 text3        01B0
__ptext4                 text4        01E8
__ptext5                 text5        01CF
__ptext6                 text6        012F
__ptext7                 text7        0168
__ptext8                 text8        00C6
__ptext9                 text9        018D
_adc_value               bssBANK0     0037
_isr                     text9        018D
_main                    maintext     001A
_map                     text6        012F
_pwm_count               bssCOMMON    007A
_pwm_duty                bssBANK0     003A
_setup                   text5        01CF
_setupADC                text4        01E8
_setupPWM                text3        01B0
_setupTMR0               text2        01FB
_setupTMR2               text1        0208
btemp                    (abs)        007E
end_of_initialization    cinit        0016
interrupt_function       intentry     0004
intlevel0                functab      0000
intlevel1                functab      0000
intlevel2                functab      0000
intlevel3                functab      0000
intlevel4                functab      0000
intlevel5                functab      0000
map@in_max               cstackBANK0  002C
map@in_min               cstackBANK0  002A
map@input                cstackBANK0  0028
map@out_max              cstackBANK0  0030
map@out_min              cstackBANK0  002E
map@output               cstackBANK0  0032
reset_vec                reset_vec    0000
saved_w                  (abs)        007E
start                    init         000C
start_initialization     cinit        000F
wtemp0                   (abs)        007E


MODULE INFORMATION

Module		Function		Class		Link	Load	Size
C:\Program Files\Microchip\xc8\v2.35\pic\sources\c90\common\awdiv.c
		___awdiv       		CODE           	00C6	0000	105

C:\Program Files\Microchip\xc8\v2.35\pic\sources\c90\common\awdiv.c estimated size: 105

POSTLAB_07.c
		_map           		CODE           	012F	0000	57
		_setupPWM      		CODE           	01B0	0000	31
		_main          		CODE           	001A	0000	172
		_isr           		CODE           	018D	0000	35
		_setupTMR0     		CODE           	01FB	0000	13
		_setupTMR2     		CODE           	0208	0000	12
		_setup         		CODE           	01CF	0000	25
		_setupADC      		CODE           	01E8	0000	19

POSTLAB_07.c estimated size: 364

shared
		__initialization		CODE           	000F	0000	7

shared estimated size: 7

C:\Program Files\Microchip\xc8\v2.35\pic\sources\c90\common\Umul16.c
		___wmul        		CODE           	0168	0000	37

C:\Program Files\Microchip\xc8\v2.35\pic\sources\c90\common\Umul16.c estimated size: 37

