Microchip MPLAB XC8 Compiler V2.35

Linker command line:

-W-3 --edf=C:\Program Files\Microchip\xc8\v2.35\pic\dat\en_msgs.txt -cn \
  -h+dist/default/production\LAB_07.X.production.sym \
  --cmf=dist/default/production\LAB_07.X.production.cmf -z -Q16F887 \
  -oC:\Users\shagt\AppData\Local\Temp\xcAsn58.4 --defsym=__MPLAB_BUILD=1 \
  -Mdist/default/production/LAB_07.X.production.map \
  --md=C:\Users\shagt\AppData\Local\Temp\xcAsn58.dat -E1 -ver=XC8 Compiler \
  --acfsm=1493 -ACODE=00h-07FFhx4 -ASTRCODE=00h-01FFFh -ASTRING=00h-0FFhx32 \
  -ACONST=00h-0FFhx32 -AENTRY=00h-0FFhx32 -ACOMMON=070h-07Fh \
  -ABANK0=020h-06Fh -ABANK1=0A0h-0EFh -ABANK2=0110h-016Fh \
  -ABANK3=0190h-01EFh -ARAM=020h-06Fh,0A0h-0EFh,0110h-016Fh,0190h-01EFh \
  -AABS1=020h-07Fh,0A0h-0EFh,0110h-016Fh,0190h-01EFh -ASFR0=00h-01Fh \
  -ASFR1=080h-09Fh -ASFR2=0100h-010Fh -ASFR3=0180h-018Fh \
  -ACONFIG=02007h-02008h -DCONFIG=2 -AIDLOC=02000h-02003h -DIDLOC=2 \
  -AEEDATA=00h-0FFh/02100h -peeprom_data=EEDATA -DEEDATA=2 -DCODE=2 \
  -DSTRCODE=2 -DSTRING=2 -DCONST=2 -DENTRY=2 \
  -preset_vec=00h,intentry,init,end_init -ppowerup=CODE -pcinit=CODE \
  -pfunctab=ENTRY -k C:\Users\shagt\AppData\Local\Temp\xcAsn58.o \
  dist/default/production\LAB_07.X.production.o 

Object code version is 3.11

Machine type is 16F887



                Name                               Link     Load   Length Selector   Space Scale
C:\Users\shagt\AppData\Local\Temp\xcAsn58.o
                end_init                              0        0        3        0       0
                config                             2007     2007        2        0       4
                idloc                              2000     2000        4        0       5
dist/default/production\LAB_07.X.production.o
                cinit                               7F7      7F7        9      FEE       0
                config                             2007     2007        2        0       4
                idloc                              2000     2000        4        0       5
                text7                               70C      70C       69      E18       0
                text6                               6B0      6B0       25      D60       0
                text5                               6D5      6D5       37      DAA       0
                text4                               67B      67B       16      CF6       0
                text3                               668      668       13      CD0       0
                text2                               691      691       1F      D22       0
                text1                               65C      65C        C      CB8       0
                maintext                            775      775       82      EEA       0
                cstackBANK0                          20       20       10       20       1
                cstackCOMMON                         70       70        D       70       1
                bssBANK0                             30       30        2       20       1
                bssCOMMON                            7D       7D        1       70       1

TOTAL           Name                               Link     Load   Length     Space
        CLASS   CODE           
                end_init                              0        0        3         0
                cinit                               7F7      7F7        9         0
                text7                               70C      70C       69         0
                text6                               6B0      6B0       25         0
                text5                               6D5      6D5       37         0
                text4                               67B      67B       16         0
                text3                               668      668       13         0
                text2                               691      691       1F         0
                text1                               65C      65C        C         0
                maintext                            775      775       82         0

        CLASS   STRCODE        

        CLASS   STRING         

        CLASS   CONST          

        CLASS   ENTRY          

        CLASS   COMMON         
                cstackCOMMON                         70       70        D         1
                bssCOMMON                            7D       7D        1         1

        CLASS   BANK0          
                cstackBANK0                          20       20       10         1
                bssBANK0                             30       30        2         1

        CLASS   BANK1          

        CLASS   BANK2          

        CLASS   BANK3          

        CLASS   RAM            

        CLASS   ABS1           
                abs_s1                               7E       7E        2         1

        CLASS   SFR0           

        CLASS   SFR1           

        CLASS   SFR2           

        CLASS   SFR3           

        CLASS   CONFIG         
                config                             2007     2007        2         4

        CLASS   IDLOC          
                idloc                              2000     2000        4         5

        CLASS   EEDATA         

        CLASS   STACK          



SEGMENTS        Name                           Load    Length   Top    Selector   Space  Class     Delta

                reset_vec                      000000  000003  000003         0       0  CODE        2
                cstackBANK0                    000020  000012  000032        20       1  BANK0       1
                cstackCOMMON                   000070  00000E  00007E        70       1  COMMON      1
                text1                          00065C  00000C  000668       CB8       0  CODE        2
                text3                          000668  000013  00067B       CD0       0  CODE        2
                text4                          00067B  000016  000691       CF6       0  CODE        2
                text2                          000691  00001F  0006B0       D22       0  CODE        2
                text6                          0006B0  000025  0006D5       D60       0  CODE        2
                text5                          0006D5  000037  00070C       DAA       0  CODE        2
                text7                          00070C  000069  000775       E18       0  CODE        2
                maintext                       000775  000082  0007F7       EEA       0  CODE        2
                cinit                          0007F7  000009  000800       FEE       0  CODE        2


UNUSED ADDRESS RANGES

        Name                Unused          Largest block    Delta
        BANK0            0032-006F             3E           1
        BANK1            00A0-00EF             50           1
        BANK2            0110-016F             60           1
        BANK3            0190-01EF             60           1
        CODE             0003-065B            659           2
                         0800-1FFF            800
        CONST            0003-065B            100           2
                         0800-1FFF            100
        EEDATA           2100-21FF            100           2
        ENTRY            0003-065B            100           2
                         0800-1FFF            100
        RAM              0032-006F             3E           1
                         00A0-00EF             50
                         0110-016F             60
                         0190-01EF             60
        SFR0             0000-001F             20           1
        SFR1             0080-009F             20           1
        SFR2             0100-010F             10           1
        SFR3             0180-018F             10           1
        STRCODE          0003-065B            659           2
                         0800-1FFF           1800
        STRING           0003-065B            100           2
                         0800-1FFF            100

                                  Symbol Table

?___awdiv                cstackCOMMON 0076
?___wmul                 cstackCOMMON 0070
?_map                    cstackBANK0  0024
_ADCON0bits              (abs)        001F
_ADCON1bits              (abs)        009F
_ADIF                    (abs)        0066
_ADRESH                  (abs)        001E
_ANSEL                   (abs)        0188
_ANSELH                  (abs)        0189
_Bandera                 bssBANK0     0030
_CCP1CONbits             (abs)        0017
_CCP2CONbits             (abs)        001D
_CCPR1L                  (abs)        0015
_CCPR2L                  (abs)        001B
_OSCCONbits              (abs)        008F
_PIR1bits                (abs)        000C
_PORTA                   (abs)        0005
_PORTC                   (abs)        0007
_PR2                     (abs)        0092
_T2CONbits               (abs)        0012
_TRISA                   (abs)        0085
_TRISC                   (abs)        0087
_TRISCbits               (abs)        0087
__Habs1                  abs1         0000
__Hbank0                 bank0        0000
__Hbank1                 bank1        0000
__Hbank2                 bank2        0000
__Hbank3                 bank3        0000
__HbssBANK0              bssBANK0     0000
__HbssCOMMON             bssCOMMON    0000
__Hcinit                 cinit        0800
__Hclrtext               clrtext      0000
__Hcode                  code         0000
__Hcommon                common       0000
__Hconfig                config       2009
__HcstackBANK0           cstackBANK0  0000
__HcstackCOMMON          cstackCOMMON 0000
__Heeprom_data           eeprom_data  0000
__Hend_init              end_init     0003
__Hfunctab               functab      0000
__Hidloc                 idloc        2004
__Hinit                  init         0000
__Hintentry              intentry     0000
__Hmaintext              maintext     0000
__Hpowerup               powerup      0000
__Hram                   ram          0000
__Hreset_vec             reset_vec    0000
__Hsfr0                  sfr0         0000
__Hsfr1                  sfr1         0000
__Hsfr2                  sfr2         0000
__Hsfr3                  sfr3         0000
__Hspace_0               (abs)        0800
__Hspace_1               (abs)        007E
__Hspace_2               (abs)        0000
__Hspace_3               (abs)        0000
__Hspace_4               (abs)        4010
__Hstack                 stack        0000
__Hstrings               strings      0000
__Htext                  text         0000
__Labs1                  abs1         0000
__Lbank0                 bank0        0000
__Lbank1                 bank1        0000
__Lbank2                 bank2        0000
__Lbank3                 bank3        0000
__LbssBANK0              bssBANK0     0000
__LbssCOMMON             bssCOMMON    0000
__Lcinit                 cinit        07F7
__Lclrtext               clrtext      0000
__Lcode                  code         0000
__Lcommon                common       0000
__Lconfig                config       0000
__LcstackBANK0           cstackBANK0  0000
__LcstackCOMMON          cstackCOMMON 0000
__Leeprom_data           eeprom_data  0000
__Lend_init              end_init     0000
__Lfunctab               functab      0000
__Lidloc                 idloc        0000
__Linit                  init         0000
__Lintentry              intentry     0000
__Lmaintext              maintext     0000
__Lpowerup               powerup      0000
__Lram                   ram          0000
__Lreset_vec             reset_vec    0000
__Lsfr0                  sfr0         0000
__Lsfr1                  sfr1         0000
__Lsfr2                  sfr2         0000
__Lsfr3                  sfr3         0000
__Lspace_0               (abs)        0000
__Lspace_1               (abs)        0000
__Lspace_2               (abs)        0000
__Lspace_3               (abs)        0000
__Lspace_4               (abs)        0000
__Lstack                 stack        0000
__Lstrings               strings      0000
__Ltext                  text         0000
__S0                     (abs)        0800
__S1                     (abs)        007E
__S3                     (abs)        0000
___awdiv                 text7        070C
___awdiv@counter         cstackBANK0  0020
___awdiv@dividend        cstackCOMMON 0078
___awdiv@divisor         cstackCOMMON 0076
___awdiv@quotient        cstackBANK0  0022
___awdiv@sign            cstackBANK0  0021
___int_sp                stack        0000
___latbits               (abs)        0002
___sp                    stack        0000
___stackhi               (abs)        0000
___stacklo               (abs)        0000
___wmul                  text6        06B0
___wmul@multiplicand     cstackCOMMON 0072
___wmul@multiplier       cstackCOMMON 0070
___wmul@product          cstackCOMMON 0074
__end_of___awdiv         text7        0775
__end_of___wmul          text6        06D5
__end_of__initialization cinit        07FC
__end_of_main            maintext     07F7
__end_of_map             text5        070C
__end_of_setup           text4        0691
__end_of_setupADC        text3        067B
__end_of_setupPWM        text2        06B0
__end_of_setupTMR2       text1        0668
__initialization         cinit        07F7
__pbssBANK0              bssBANK0     0030
__pbssCOMMON             bssCOMMON    007D
__pcstackBANK0           cstackBANK0  0020
__pcstackCOMMON          cstackCOMMON 0070
__pmaintext              maintext     0775
__ptext1                 text1        065C
__ptext2                 text2        0691
__ptext3                 text3        0668
__ptext4                 text4        067B
__ptext5                 text5        06D5
__ptext6                 text6        06B0
__ptext7                 text7        070C
_main                    maintext     0775
_map                     text5        06D5
_setup                   text4        067B
_setupADC                text3        0668
_setupPWM                text2        0691
_setupTMR2               text1        065C
btemp                    (abs)        007E
end_of_initialization    cinit        07FC
intlevel0                functab      0000
intlevel1                functab      0000
intlevel2                functab      0000
intlevel3                functab      0000
intlevel4                functab      0000
intlevel5                functab      0000
map@in_max               cstackBANK0  0028
map@in_min               cstackBANK0  0026
map@input                cstackBANK0  0024
map@out_max              cstackBANK0  002C
map@out_min              cstackBANK0  002A
map@output               cstackCOMMON 007B
reset_vec                reset_vec    0000
start                    init         0000
start_initialization     cinit        07F7
wtemp0                   (abs)        007E


MODULE INFORMATION

Module		Function		Class		Link	Load	Size
C:\Program Files\Microchip\xc8\v2.35\pic\sources\c90\common\awdiv.c
		___awdiv       		CODE           	070C	0000	105

C:\Program Files\Microchip\xc8\v2.35\pic\sources\c90\common\awdiv.c estimated size: 105

shared
		__initialization		CODE           	07F7	0000	5

shared estimated size: 5

C:\Program Files\Microchip\xc8\v2.35\pic\sources\c90\common\Umul16.c
		___wmul        		CODE           	06B0	0000	37

C:\Program Files\Microchip\xc8\v2.35\pic\sources\c90\common\Umul16.c estimated size: 37

LAB_07.c
		_map           		CODE           	06D5	0000	55
		_setupPWM      		CODE           	0691	0000	31
		_main          		CODE           	0775	0000	130
		_setupTMR2     		CODE           	065C	0000	12
		_setup         		CODE           	067B	0000	22
		_setupADC      		CODE           	0668	0000	19

LAB_07.c estimated size: 269

